// Jest Snapshot v1, https://goo.gl/fbAQLP

exports[`<CategoryContent /> Matches Snapshot 1`] = `
<div
  className="sc-bdVaJa fKJtXt"
>
  <div
    className="sc-bwzfXH jKmqkc"
  >
    <h1>
      How we can help a Homie out
    </h1>
    <p>
      With over 5,000 cities available to explore our categories can help you easily find a place to call home. Use them to find the top scoring cities in the category that's most significant to you.
    </p>
  </div>
  <div
    className="sc-htpNat dVNZcv"
  >
    <div
      className="sc-bxivhb icHQkK"
    >
      <img
        className="sc-ifAKCX dAisZH"
        src="budget.png"
      />
      <h4>
        Cost of Living
      </h4>
      <p>
        The amount of money needed to sustain a certain standard of living by affording basic expenses such as housing, food, taxes, and healthcare.
      </p>
    </div>
    <div
      className="sc-bxivhb icHQkK"
    >
      <img
        className="sc-ifAKCX dAisZH"
        src="travel.png"
      />
      <h4>
        Commute
      </h4>
      <p>
        A regular journey of some distance such as to and from your place of work. How long will it take the homies to get where they want to go?
      </p>
    </div>
    <div
      className="sc-bxivhb icHQkK"
    >
      <img
        className="sc-ifAKCX dAisZH"
        src="police-car.png"
      />
      <h4>
        Safety
      </h4>
      <p>
        A collection of overall crime rates in the area so all our homies can stay safe!
      </p>
    </div>
    <div
      className="sc-bxivhb icHQkK"
    >
      <img
        className="sc-ifAKCX dAisZH"
        src="tolerance.png"
      />
      <h4>
        Tolerance
      </h4>
      <p>
        We respect homies of all races, religions, and orientations. Find a place to call home that does too!
      </p>
    </div>
  </div>
</div>
`;
