// Jest Snapshot v1, https://goo.gl/fbAQLP

exports[`<Navigation /> Matches Snapshot 1`] = `
<div>
  <nav
    className="sc-bdVaJa fixed-nav fClUDt"
    style={
      Object {
        "zIndex": "100",
      }
    }
  >
    <a
      href="/"
      onClick={[Function]}
    >
      <img
        className="sc-bwzfXH cpUCpO"
        src="LMHiconcopy.png"
      />
    </a>
    <a
      href="/Userlist"
      onClick={[Function]}
    >
      <button
        className="sc-htpNat esFguO"
      >
        Users
      </button>
    </a>
    <a
      href="/Maps"
      onClick={[Function]}
    >
      <button
        className="sc-htpNat esFguO"
        id="registerButton"
      >
        Maps
      </button>
    </a>
    <a
      href="/Login"
      onClick={[Function]}
    >
      <button
        className="sc-htpNat esFguO"
        id="loginButton"
      >
        Login
      </button>
    </a>
    <a
      href="/Register"
      onClick={[Function]}
    >
      <button
        className="sc-htpNat esFguO"
        id="registerButton"
      >
        SignUp
      </button>
    </a>
  </nav>
  <div
    className="sc-ifAKCX lpcuNw"
  >
    <span
      className="sc-EHOje geTijh"
    >
      <h1>
         Discover a place you'll love to live
      </h1>
      <form
        onSubmit={[Function]}
      >
        <input
          id="searchTerm"
          label="Enter City or State"
          onChange={[Function]}
          placeholder="Enter City or State"
          type="search"
          value=""
        />
      </form>
    </span>
  </div>
  <div
    className="sc-chPdSV isogWG"
  >
    <div
      className="sc-kgoBCf drgzer"
    >
      <h1>
        How we can help a Homie out
      </h1>
      <p>
        With over 5,000 cities available to explore our categories can help you easily find a place to call home. Use them to find the top scoring cities in the category that's most significant to you.
      </p>
    </div>
    <div
      className="sc-kGXeez Pgidq"
    >
      <div
        className="sc-kpOJdX hbvxaY"
      >
        <img
          className="sc-dxgOiQ idtcyj"
          src="budget.png"
        />
        <h4>
          Cost of Living
        </h4>
        <p>
          The amount of money needed to sustain a certain standard of living by affording basic expenses such as housing, food, taxes, and healthcare.
        </p>
      </div>
      <div
        className="sc-kpOJdX hbvxaY"
      >
        <img
          className="sc-dxgOiQ idtcyj"
          src="travel.png"
        />
        <h4>
          Commute
        </h4>
        <p>
          A regular journey of some distance such as to and from your place of work. How long will it take the homies to get where they want to go?
        </p>
      </div>
      <div
        className="sc-kpOJdX hbvxaY"
      >
        <img
          className="sc-dxgOiQ idtcyj"
          src="police-car.png"
        />
        <h4>
          Safety
        </h4>
        <p>
          A collection of overall crime rates in the area so all our homies can stay safe!
        </p>
      </div>
      <div
        className="sc-kpOJdX hbvxaY"
      >
        <img
          className="sc-dxgOiQ idtcyj"
          src="tolerance.png"
        />
        <h4>
          Tolerance
        </h4>
        <p>
          We respect homies of all races, religions, and orientations. Find a place to call home that does too!
        </p>
      </div>
    </div>
  </div>
  <div
    className="sc-htoDjs dNimok"
  >
    <div
      className="sc-dnqmqq kzrbag"
    >
      <h1>
        Let's move homie! Explore the places to call home.
      </h1>
      <p>
        Customize your search. Click on a category. Find a place you'll love.
      </p>
    </div>
    <div
      className="sc-gqjmRU hfUSCJ"
    >
      <img
        className="sc-VigVT gfIigm"
        onClick={[Function]}
        src="budget.png"
      />
      <img
        className="sc-VigVT gfIigm"
        onClick={[Function]}
        src="travel.png"
      />
      <img
        className="sc-VigVT gfIigm"
        onClick={[Function]}
        src="police-car.png"
      />
      <img
        className="sc-VigVT gfIigm"
        onClick={[Function]}
        src="tolerance.png"
      />
    </div>
    <div
      className="sc-iwsKbI FdyKJ"
    />
  </div>
</div>
`;
